Archive member included because of file (symbol)

C:/Freescale/CW MCU v10.7/MCU/ARM_GCC_Support/ewl/lib/armv6-m\libc.a(exit.o)
                              ./Project_Settings/Startup_Code/__arm_start.o (exit)
C:/Freescale/CW MCU v10.7/MCU/ARM_GCC_Support/ewl/lib/armv6-m\libc.a(rand.o)
                              ./Generated_Code/UTIL1.o (rand)
C:/Freescale/CW MCU v10.7/MCU/ARM_GCC_Support/ewl/lib/armv6-m\libc.a(strchr.o)
                              ./Generated_Code/UTIL1.o (strchr)
C:/Freescale/CW MCU v10.7/MCU/ARM_GCC_Support/ewl/lib/armv6-m\libc.a(memset.o)
                              ./Project_Settings/Startup_Code/__arm_start.o (memset)
C:/Freescale/CW MCU v10.7/MCU/ARM_GCC_Support/ewl/lib/armv6-m\libc.a(strncmp.o)
                              ./Generated_Code/UTIL1.o (strncmp)
C:/Freescale/CW MCU v10.7/MCU/ARM_GCC_Support/ewl/lib/armv6-m\libc.a(__filll_mem.o)
                              C:/Freescale/CW MCU v10.7/MCU/ARM_GCC_Support/ewl/lib/armv6-m\libc.a(memset.o) (__fill_mem)
C:/Freescale/CW MCU v10.7/MCU/ARM_GCC_Support/ewl/lib/armv6-m\libc.a(strcmp.o)
                              ./Generated_Code/CLS1.o (strcmp)
C:/Freescale/CW MCU v10.7/MCU/ARM_GCC_Support/ewl/lib/armv6-m\libc.a(strlen.o)
                              ./Generated_Code/UTIL1.o (strlen)
C:/Freescale/CW MCU v10.7/MCU/ARM_GCC_Support/ewl/lib/armv6-m\libc.a(printformat_.o)
                              (__pformatter_)
C:/Freescale/CW MCU v10.7/MCU/ARM_GCC_Support/ewl/lib/armv6-m\libc.a(scanformat_.o)
                              (__sformatter)
C:/Freescale/CW MCU v10.7/MCU/ARM_GCC_Support/ewl/lib/armv6-m\libc.a(ctype_aeabi.o)
                              C:/Freescale/CW MCU v10.7/MCU/ARM_GCC_Support/ewl/lib/armv6-m\libc.a(scanformat_.o) (isspace)
C:/Freescale/CW MCU v10.7/MCU/ARM_GCC_Support/ewl/lib/armv6-m\libc.a(__strtoul.o)
                              C:/Freescale/CW MCU v10.7/MCU/ARM_GCC_Support/ewl/lib/armv6-m\libc.a(scanformat_.o) (__strtoul)
C:/Freescale/CW MCU v10.7/MCU/ARM_GCC_Support/ewl/lib/armv6-m\libc.a(memcpy.o)
                              C:/Freescale/CW MCU v10.7/MCU/ARM_GCC_Support/ewl/lib/armv6-m\libc.a(scanformat_.o) (memcpy)
C:/Freescale/CW MCU v10.7/MCU/ARM_GCC_Support/ewl/lib/armv6-m\libc.a(memchr.o)
                              C:/Freescale/CW MCU v10.7/MCU/ARM_GCC_Support/ewl/lib/armv6-m\libc.a(printformat_.o) (memchr)
c:/freescale/cw mcu v10.7/cross_tools/arm-none-eabi-gcc-4_7_3/bin/../lib/gcc/arm-none-eabi/4.7.3/armv6-m\libgcc.a(_thumb1_case_sqi.o)
                              C:/Freescale/CW MCU v10.7/MCU/ARM_GCC_Support/ewl/lib/armv6-m\libc.a(__strtoul.o) (__gnu_thumb1_case_sqi)
c:/freescale/cw mcu v10.7/cross_tools/arm-none-eabi-gcc-4_7_3/bin/../lib/gcc/arm-none-eabi/4.7.3/armv6-m\libgcc.a(_thumb1_case_uqi.o)
                              C:/Freescale/CW MCU v10.7/MCU/ARM_GCC_Support/ewl/lib/armv6-m\libc.a(scanformat_.o) (__gnu_thumb1_case_uqi)
c:/freescale/cw mcu v10.7/cross_tools/arm-none-eabi-gcc-4_7_3/bin/../lib/gcc/arm-none-eabi/4.7.3/armv6-m\libgcc.a(_udivsi3.o)
                              ./Generated_Code/XF1.o (__aeabi_uidiv)
c:/freescale/cw mcu v10.7/cross_tools/arm-none-eabi-gcc-4_7_3/bin/../lib/gcc/arm-none-eabi/4.7.3/armv6-m\libgcc.a(_divsi3.o)
                              ./Generated_Code/UTIL1.o (__aeabi_idiv)
c:/freescale/cw mcu v10.7/cross_tools/arm-none-eabi-gcc-4_7_3/bin/../lib/gcc/arm-none-eabi/4.7.3/armv6-m\libgcc.a(_dvmd_tls.o)
                              c:/freescale/cw mcu v10.7/cross_tools/arm-none-eabi-gcc-4_7_3/bin/../lib/gcc/arm-none-eabi/4.7.3/armv6-m\libgcc.a(_udivsi3.o) (__aeabi_idiv0)
c:/freescale/cw mcu v10.7/cross_tools/arm-none-eabi-gcc-4_7_3/bin/../lib/gcc/arm-none-eabi/4.7.3/armv6-m\libgcc.a(_arm_cmpsf2.o)
                              ./Generated_Code/UTIL1.o (__aeabi_fcmplt)
c:/freescale/cw mcu v10.7/cross_tools/arm-none-eabi-gcc-4_7_3/bin/../lib/gcc/arm-none-eabi/4.7.3/armv6-m\libgcc.a(_aeabi_ldivmod.o)
                              ./Generated_Code/UTIL1.o (__aeabi_ldivmod)
c:/freescale/cw mcu v10.7/cross_tools/arm-none-eabi-gcc-4_7_3/bin/../lib/gcc/arm-none-eabi/4.7.3/armv6-m\libgcc.a(_aeabi_uldivmod.o)
                              ./Generated_Code/XF1.o (__aeabi_uldivmod)
c:/freescale/cw mcu v10.7/cross_tools/arm-none-eabi-gcc-4_7_3/bin/../lib/gcc/arm-none-eabi/4.7.3/armv6-m\libgcc.a(_muldi3.o)
                              ./Generated_Code/UTIL1.o (__aeabi_lmul)
c:/freescale/cw mcu v10.7/cross_tools/arm-none-eabi-gcc-4_7_3/bin/../lib/gcc/arm-none-eabi/4.7.3/armv6-m\libgcc.a(_fixunssfsi.o)
                              ./Generated_Code/UTIL1.o (__aeabi_f2uiz)
c:/freescale/cw mcu v10.7/cross_tools/arm-none-eabi-gcc-4_7_3/bin/../lib/gcc/arm-none-eabi/4.7.3/armv6-m\libgcc.a(bpabi.o)
                              c:/freescale/cw mcu v10.7/cross_tools/arm-none-eabi-gcc-4_7_3/bin/../lib/gcc/arm-none-eabi/4.7.3/armv6-m\libgcc.a(_aeabi_ldivmod.o) (__gnu_ldivmod_helper)
[...]
Memory Configuration

Name             Origin             Length             Attributes
m_interrupts     0x00000000         0x000000c0         xr
m_text           0x00000410         0x0001fbf0         xr
m_data           0x1ffff000         0x00004000         rw
m_cfmprotrom     0x00000400         0x00000010         xr
*default*        0x00000000         0xffffffff

Linker script and memory map

LOAD ./Generated_Code/XF1.o
LOAD ./Generated_Code/WiFiSerial.o
LOAD ./Generated_Code/WAIT1.o
LOAD ./Generated_Code/Vectors.o
LOAD ./Generated_Code/UTIL1.o
LOAD ./Generated_Code/ShellSerial.o
LOAD ./Generated_Code/PE_LDD.o
LOAD ./Generated_Code/MCUC1.o
LOAD ./Generated_Code/Cpu.o
LOAD ./Generated_Code/CS1.o
LOAD ./Generated_Code/CLS1.o
LOAD ./Generated_Code/ASerialLdd2.o
LOAD ./Generated_Code/ASerialLdd1.o
LOAD ./Project_Settings/Startup_Code/__arm_start.o
LOAD ./Project_Settings/Startup_Code/__arm_end.o
LOAD ./Sources/sa_mtb.o
LOAD ./Sources/main.o
LOAD ./Sources/Shell.o
LOAD ./Sources/MainDriver.o
LOAD ./Sources/Events.o
LOAD ./Sources/ESP8266Driver.o
                0x00002a18                __pformatter = __pformatter_
                [0x00002e40]                __sformatter = __sformatter
START GROUP
LOAD C:/Freescale/CW MCU v10.7/MCU/ARM_GCC_Support/ewl/lib/armv6-m\libc.a
LOAD C:/Freescale/CW MCU v10.7/MCU/ARM_GCC_Support/ewl/lib/armv6-m\libm.a
LOAD c:/freescale/cw mcu v10.7/cross_tools/arm-none-eabi-gcc-4_7_3/bin/../lib/gcc/arm-none-eabi/4.7.3/armv6-m\libgcc.a
LOAD C:/Freescale/CW MCU v10.7/MCU/ARM_GCC_Support/ewl/lib/armv6-m\librt.a
LOAD C:/Freescale/CW MCU v10.7/MCU/ARM_GCC_Support/ewl/lib/armv6-m\libuart.a
END GROUP
                0x20003000                _estack = 0x20003000
                0x20003000                __SP_INIT = _estack
                0x00000000                __heap_size = 0x0
                0x00000400                __stack_size = 0x400

.interrupts     0x00000000       0xc0
                0x00000000                __vector_table = .
                0x00000000                . = ALIGN (0x4)
 *(.vectortable)
 .vectortable   0x00000000       0xc0 ./Generated_Code/Vectors.o
                0x00000000                __vect_table
                0x000000c0                . = ALIGN (0x4)

.cfmprotect     0x00000400       0x10
                0x00000400                . = ALIGN (0x4)
 *(.cfmconfig)
 .cfmconfig     0x00000400       0x10 ./Generated_Code/Cpu.o
                0x00000400                _cfm
                0x00000410                . = ALIGN (0x4)

.text           0x00000410     0x38e4
                0x00000410                . = ALIGN (0x4)
 *(.text)
 .text          0x00000410       0x14 c:/freescale/cw mcu v10.7/cross_tools/arm-none-eabi-gcc-4_7_3/bin/../lib/gcc/arm-none-eabi/4.7.3/armv6-m\libgcc.a(_thumb1_case_sqi.o)
                0x00000410                __gnu_thumb1_case_sqi
 .text          0x00000424       0x14 c:/freescale/cw mcu v10.7/cross_tools/arm-none-eabi-gcc-4_7_3/bin/../lib/gcc/arm-none-eabi/4.7.3/armv6-m\libgcc.a(_thumb1_case_uqi.o)
                0x00000424                __gnu_thumb1_case_uqi
 .text          0x00000438       0x9c c:/freescale/cw mcu v10.7/cross_tools/arm-none-eabi-gcc-4_7_3/bin/../lib/gcc/arm-none-eabi/4.7.3/armv6-m\libgcc.a(_udivsi3.o)
                0x00000438                __aeabi_uidiv
                0x00000438                __udivsi3
                0x000004c0                __aeabi_uidivmod
 .text          0x000004d4        0x4 c:/freescale/cw mcu v10.7/cross_tools/arm-none-eabi-gcc-4_7_3/bin/../lib/gcc/arm-none-eabi/4.7.3/armv6-m\libgcc.a(_dvmd_tls.o)
                0x000004d4                __aeabi_idiv0
                0x000004d4                __aeabi_ldiv0
 *(.text*)
 .text.XF1_Init
                0x000004d8        0x8 ./Generated_Code/XF1.o
                0x000004d8                XF1_Init
 .text.HWEnDi   0x000004e0       0x20 ./Generated_Code/WiFiSerial.o
 .text.WiFiSerial_RecvChar
                0x00000500       0xe8 ./Generated_Code/WiFiSerial.o
                0x00000500                WiFiSerial_RecvChar
 .text.WiFiSerial_SendBlock
                0x000005e8      0x188 ./Generated_Code/WiFiSerial.o
                0x000005e8                WiFiSerial_SendBlock
 .text.WiFiSerial_GetCharsInRxBuf
                0x00000770       0x14 ./Generated_Code/WiFiSerial.o
                0x00000770                WiFiSerial_GetCharsInRxBuf
 .text.WiFiSerial_Init
                0x00000784       0x64 ./Generated_Code/WiFiSerial.o
                0x00000784                WiFiSerial_Init
 .text.ASerialLdd2_OnBlockReceived
                0x000007e8       0xc4 ./Generated_Code/WiFiSerial.o
                0x000007e8                ASerialLdd2_OnBlockReceived
 .text.ASerialLdd2_OnBlockSent
                0x000008ac       0xec ./Generated_Code/WiFiSerial.o
                0x000008ac                ASerialLdd2_OnBlockSent
 .text.ASerialLdd2_OnError
                0x00000998       0x94 ./Generated_Code/WiFiSerial.o
                0x00000998                ASerialLdd2_OnError
 .text.ASerialLdd2_OnBreak
                0x00000a2c       0x20 ./Generated_Code/WiFiSerial.o
                0x00000a2c                ASerialLdd2_OnBreak
 .text.WAIT1_Wait10Cycles
                0x00000a4c        0x8 ./Generated_Code/WAIT1.o
                0x00000a4c                WAIT1_Wait10Cycles
 .text.WAIT1_Wait100Cycles
                0x00000a54       0x24 ./Generated_Code/WAIT1.o
                0x00000a54                WAIT1_Wait100Cycles
 .text.WAIT1_WaitCycles
                0x00000a78       0x44 ./Generated_Code/WAIT1.o
                0x00000a78                WAIT1_WaitCycles
 .text.WAIT1_WaitLongCycles
                0x00000abc       0x3c ./Generated_Code/WAIT1.o
                0x00000abc                WAIT1_WaitLongCycles
 .text.WAIT1_Waitms
                0x00000af8       0x38 ./Generated_Code/WAIT1.o
                0x00000af8                WAIT1_Waitms
 .text.WAIT1_Init
                0x00000b30        0x8 ./Generated_Code/WAIT1.o
                0x00000b30                WAIT1_Init
 .text.UTIL1_strcpy
                0x00000b38       0x48 ./Generated_Code/UTIL1.o
                0x00000b38                UTIL1_strcpy
 .text.UTIL1_strcat
                0x00000b80       0x64 ./Generated_Code/UTIL1.o
                0x00000b80                UTIL1_strcat
 .text.UTIL1_strtailcmp
                0x00000be4       0x64 ./Generated_Code/UTIL1.o
                0x00000be4                UTIL1_strtailcmp
 .text.UTIL1_Init
                0x00000c48        0x8 ./Generated_Code/UTIL1.o
                0x00000c48                UTIL1_Init
 .text.HWEnDi   0x00000c50       0x20 ./Generated_Code/ShellSerial.o
 .text.ShellSerial_RecvChar
                0x00000c70       0x8c ./Generated_Code/ShellSerial.o
                0x00000c70                ShellSerial_RecvChar
 .text.ShellSerial_SendChar
                0x00000cfc       0x68 ./Generated_Code/ShellSerial.o
                0x00000cfc                ShellSerial_SendChar
 .text.ShellSerial_GetCharsInRxBuf
                0x00000d64       0x24 ./Generated_Code/ShellSerial.o
                0x00000d64                ShellSerial_GetCharsInRxBuf
 .text.ShellSerial_Init
                0x00000d88       0x28 ./Generated_Code/ShellSerial.o
                0x00000d88                ShellSerial_Init
 .text.ASerialLdd1_OnBreak
                0x00000db0       0x20 ./Generated_Code/ShellSerial.o
                0x00000db0                ASerialLdd1_OnBreak
 .text.MCUC1_Init
                0x00000dd0        0x8 ./Generated_Code/MCUC1.o
                0x00000dd0                MCUC1_Init
 .text.Cpu_INT_NMIInterrupt
                0x00000dd8        0xc ./Generated_Code/Cpu.o
                0x00000dd8                Cpu_INT_NMIInterrupt
 .text.Cpu_Interrupt
                0x00000de4        0xc ./Generated_Code/Cpu.o
                0x00000de4                Cpu_Interrupt
 .text.__init_hardware
                0x00000df0      0x120 ./Generated_Code/Cpu.o
                0x00000df0                __init_hardware
 .text.PE_low_level_init
                0x00000f10       0xe8 ./Generated_Code/Cpu.o
                0x00000f10                PE_low_level_init
 .text.CS1_Init
                0x00000ff8        0x8 ./Generated_Code/CS1.o
                0x00000ff8                CS1_Init
 .text.CLS1_SendStr
                0x00001000       0x34 ./Generated_Code/CLS1.o
                0x00001000                CLS1_SendStr
 .text.CLS1_ParseCommand
                0x00001034      0x198 ./Generated_Code/CLS1.o
                0x00001034                CLS1_ParseCommand
 .text.CLS1_PrintPrompt
                0x000011cc       0x34 ./Generated_Code/CLS1.o
                0x000011cc                CLS1_PrintPrompt
 .text.CLS1_IsHistoryCharacter
                0x00001200       0x24 ./Generated_Code/CLS1.o
                0x00001200                CLS1_IsHistoryCharacter
 .text.CLS1_ReadLine
                0x00001224      0x188 ./Generated_Code/CLS1.o
                0x00001224                CLS1_ReadLine
 .text.CLS1_PrintStatus
                0x000013ac       0xa4 ./Generated_Code/CLS1.o
                0x000013ac                CLS1_PrintStatus
 .text.CLS1_PrintCommandFailed
                0x00001450       0x78 ./Generated_Code/CLS1.o
                0x00001450                CLS1_PrintCommandFailed
 .text.CLS1_IterateTable
                0x000014c8       0x64 ./Generated_Code/CLS1.o
                0x000014c8                CLS1_IterateTable
 .text.CLS1_ParseWithCommandTable
                0x0000152c       0xbc ./Generated_Code/CLS1.o
                0x0000152c                CLS1_ParseWithCommandTable
 .text.CLS1_GetStdio
                0x000015e8       0x14 ./Generated_Code/CLS1.o
                0x000015e8                CLS1_GetStdio
 .text.CLS1_ReadAndParseWithCommandTable
                0x000015fc       0xf8 ./Generated_Code/CLS1.o
                0x000015fc                CLS1_ReadAndParseWithCommandTable
 .text.SendSeparatedStrings
                0x000016f4       0x8c ./Generated_Code/CLS1.o
 .text.CLS1_SendHelpStr
                0x00001780       0x28 ./Generated_Code/CLS1.o
                0x00001780                CLS1_SendHelpStr
 .text.CLS1_SendStatusStr
                0x000017a8       0x28 ./Generated_Code/CLS1.o
                0x000017a8                CLS1_SendStatusStr
 .text.CLS1_ReadChar
                0x000017d0       0x30 ./Generated_Code/CLS1.o
                0x000017d0                CLS1_ReadChar
 .text.CLS1_SendChar
                0x00001800       0x24 ./Generated_Code/CLS1.o
                0x00001800                CLS1_SendChar
 .text.CLS1_KeyPressed
                0x00001824       0x24 ./Generated_Code/CLS1.o
                0x00001824                CLS1_KeyPressed
 .text.CLS1_Init
                0x00001848       0x14 ./Generated_Code/CLS1.o
                0x00001848                CLS1_Init
 .text.CLS1_SendCharFct
                0x0000185c       0x54 ./Generated_Code/CLS1.o
                0x0000185c                CLS1_SendCharFct
 .text.ASerialLdd2_Init
                0x000018b0      0x170 ./Generated_Code/ASerialLdd2.o
                0x000018b0                ASerialLdd2_Init
 .text.ASerialLdd2_ReceiveBlock
                0x00001a20       0x98 ./Generated_Code/ASerialLdd2.o
                0x00001a20                ASerialLdd2_ReceiveBlock
 .text.ASerialLdd2_SendBlock
                0x00001ab8       0xc4 ./Generated_Code/ASerialLdd2.o
                0x00001ab8                ASerialLdd2_SendBlock
 .text.InterruptRx
                0x00001b7c       0x58 ./Generated_Code/ASerialLdd2.o
 .text.InterruptTx
                0x00001bd4       0x80 ./Generated_Code/ASerialLdd2.o
 .text.ASerialLdd2_Interrupt
                0x00001c54       0xe0 ./Generated_Code/ASerialLdd2.o
                0x00001c54                ASerialLdd2_Interrupt
 .text.ASerialLdd2_GetError
                0x00001d34       0x74 ./Generated_Code/ASerialLdd2.o
                0x00001d34                ASerialLdd2_GetError
 .text.ASerialLdd1_Init
                0x00001da8      0x170 ./Generated_Code/ASerialLdd1.o
                0x00001da8                ASerialLdd1_Init
 .text.ASerialLdd1_ReceiveBlock
                0x00001f18       0x48 ./Generated_Code/ASerialLdd1.o
                0x00001f18                ASerialLdd1_ReceiveBlock
 .text.ASerialLdd1_SendBlock
                0x00001f60       0x58 ./Generated_Code/ASerialLdd1.o
                0x00001f60                ASerialLdd1_SendBlock
 .text.ASerialLdd1_GetReceivedDataNum
                0x00001fb8       0x18 ./Generated_Code/ASerialLdd1.o
                0x00001fb8                ASerialLdd1_GetReceivedDataNum
 .text.InterruptRx
                0x00001fd0       0x50 ./Generated_Code/ASerialLdd1.o
 .text.InterruptTx
                0x00002020       0x5c ./Generated_Code/ASerialLdd1.o
 .text.ASerialLdd1_Main
                0x0000207c       0xd4 ./Generated_Code/ASerialLdd1.o
                0x0000207c                ASerialLdd1_Main
 .text.ASerialLdd1_GetError
                0x00002150       0x28 ./Generated_Code/ASerialLdd1.o
                0x00002150                ASerialLdd1_GetError
 .text.zero_fill_bss
                0x00002178       0x24 ./Project_Settings/Startup_Code/__arm_start.o
 .text.__thumb_startup
                0x0000219c       0x30 ./Project_Settings/Startup_Code/__arm_start.o
                0x0000219c                __thumb_startup
 .text._ExitProcess
                0x000021cc        0xc ./Project_Settings/Startup_Code/__arm_end.o
                0x000021cc                _ExitProcess
 .text.main     0x000021d8       0x14 ./Sources/main.o
                0x000021d8                main
 .text.vfnShellInit
                0x000021ec       0x7c ./Sources/Shell.o
                0x000021ec                vfnShellInit
 .text.vfnShellTask
                0x00002268       0x24 ./Sources/Shell.o
                0x00002268                vfnShellTask
 .text.bfnParseCommand
                0x0000228c       0xc8 ./Sources/Shell.o
                0x0000228c                bfnParseCommand
 .text.vfnPrintHelp
                0x00002354       0x70 ./Sources/Shell.o
 .text.vfnPrintStatus
                0x000023c4       0xb0 ./Sources/Shell.o
 .text.vfnMainDriverInit
                0x00002474        0xc ./Sources/MainDriver.o
                0x00002474                vfnMainDriverInit
 .text.vfnMainDriverManager
                0x00002480        0xc ./Sources/MainDriver.o
                0x00002480                vfnMainDriverManager
 .text.Cpu_OnNMIINT
                0x0000248c        0x8 ./Sources/Events.o
                0x0000248c                Cpu_OnNMIINT
 .text.WiFiSerial_OnError
                0x00002494        0x8 ./Sources/Events.o
                0x00002494                WiFiSerial_OnError
 .text.WiFiSerial_OnRxChar
                0x0000249c        0x8 ./Sources/Events.o
                0x0000249c                WiFiSerial_OnRxChar
 .text.WiFiSerial_OnTxChar
                0x000024a4        0x8 ./Sources/Events.o
                0x000024a4                WiFiSerial_OnTxChar
 .text.WiFiSerial_OnFullRxBuf
                0x000024ac        0x8 ./Sources/Events.o
                0x000024ac                WiFiSerial_OnFullRxBuf
 .text.WiFiSerial_OnFreeTxBuf
                0x000024b4        0x8 ./Sources/Events.o
                0x000024b4                WiFiSerial_OnFreeTxBuf
 .text.ESP8266Driver_ParseCommand
                0x000024bc       0x54 ./Sources/ESP8266Driver.o
                0x000024bc                ESP8266Driver_ParseCommand
 .text.ESP8266Driver_SendString
                0x00002510       0xa8 ./Sources/ESP8266Driver.o
                0x00002510                ESP8266Driver_SendString
 .text.ESP8266Driver_SendATCommand
                0x000025b8       0xb8 ./Sources/ESP8266Driver.o
                0x000025b8                ESP8266Driver_SendATCommand
 .text.ESP8266Driver_GetResponse
                0x00002670       0xdc ./Sources/ESP8266Driver.o
 .text.exit     0x0000274c       0x38 C:/Freescale/CW MCU v10.7/MCU/ARM_GCC_Support/ewl/lib/armv6-m\libc.a(exit.o)
                0x0000274c                exit
 .text.strchr   0x00002784       0x1e C:/Freescale/CW MCU v10.7/MCU/ARM_GCC_Support/ewl/lib/armv6-m\libc.a(strchr.o)
                0x00002784                strchr
 .text.memset   0x000027a2        0xc C:/Freescale/CW MCU v10.7/MCU/ARM_GCC_Support/ewl/lib/armv6-m\libc.a(memset.o)
                0x000027a2                memset
 .text.strncmp  0x000027ae       0x22 C:/Freescale/CW MCU v10.7/MCU/ARM_GCC_Support/ewl/lib/armv6-m\libc.a(strncmp.o)
                0x000027ae                strncmp
 .text.__fill_mem
                0x000027d0       0x7e C:/Freescale/CW MCU v10.7/MCU/ARM_GCC_Support/ewl/lib/armv6-m\libc.a(__filll_mem.o)
                0x000027d0                __fill_mem
 .text.strcmp   0x0000284e       0x1c C:/Freescale/CW MCU v10.7/MCU/ARM_GCC_Support/ewl/lib/armv6-m\libc.a(strcmp.o)
                0x0000284e                strcmp
 .text.strlen   0x0000286a       0x10 C:/Freescale/CW MCU v10.7/MCU/ARM_GCC_Support/ewl/lib/armv6-m\libc.a(strlen.o)
                0x0000286a                strlen
 *fill*         0x0000287a        0x2 00
 .text.long2str.isra.0
                0x0000287c      0x19c C:/Freescale/CW MCU v10.7/MCU/ARM_GCC_Support/ewl/lib/armv6-m\libc.a(printformat_.o)
 .text.__pformatter_
                0x00002a18      0x428 C:/Freescale/CW MCU v10.7/MCU/ARM_GCC_Support/ewl/lib/armv6-m\libc.a(printformat_.o)
                0x00002a18                __pformatter_
 .text.__sformatter
                0x00002e40      0x698 C:/Freescale/CW MCU v10.7/MCU/ARM_GCC_Support/ewl/lib/armv6-m\libc.a(scanformat_.o)
                0x00002e40                __sformatter
 .text.isalpha  0x000034d8       0x20 C:/Freescale/CW MCU v10.7/MCU/ARM_GCC_Support/ewl/lib/armv6-m\libc.a(ctype_aeabi.o)
                0x000034d8                isalpha
 .text.isspace  0x000034f8       0x20 C:/Freescale/CW MCU v10.7/MCU/ARM_GCC_Support/ewl/lib/armv6-m\libc.a(ctype_aeabi.o)
                0x000034f8                isspace
 .text.toupper  0x00003518        0xe C:/Freescale/CW MCU v10.7/MCU/ARM_GCC_Support/ewl/lib/armv6-m\libc.a(ctype_aeabi.o)
                0x00003518                toupper
 .text.__strtoul
                0x00003526      0x1ce C:/Freescale/CW MCU v10.7/MCU/ARM_GCC_Support/ewl/lib/armv6-m\libc.a(__strtoul.o)
                0x00003526                __strtoul
 .text.memcpy   0x000036f4       0x12 C:/Freescale/CW MCU v10.7/MCU/ARM_GCC_Support/ewl/lib/armv6-m\libc.a(memcpy.o)
                0x000036f4                memcpy
 .text.memchr   0x00003706       0x1a C:/Freescale/CW MCU v10.7/MCU/ARM_GCC_Support/ewl/lib/armv6-m\libc.a(memchr.o)
                0x00003706                memchr
 .text.__init_cpp
                0x00003720       0x48 C:/Freescale/CW MCU v10.7/MCU/ARM_GCC_Support/ewl/lib/armv6-m\librt.a(gcc_ctor_dtor.o)
                0x00003720                __init_cpp
 .text.__fini_cpp
                0x00003768       0x34 C:/Freescale/CW MCU v10.7/MCU/ARM_GCC_Support/ewl/lib/armv6-m\librt.a(gcc_ctor_dtor.o)
                0x00003768                __fini_cpp
 .text.__destroy_global_chain
                0x0000379c       0x1c C:/Freescale/CW MCU v10.7/MCU/ARM_GCC_Support/ewl/lib/armv6-m\librt.a(__arm_eabi_init.o)
                0x0000379c                __destroy_global_chain
 .text.__init_registers
                0x000037b8       0x1c C:/Freescale/CW MCU v10.7/MCU/ARM_GCC_Support/ewl/lib/armv6-m\librt.a(__arm_eabi_init.o)
                0x000037b8                __init_registers
 .text.__init_user
                0x000037d4        0x4 C:/Freescale/CW MCU v10.7/MCU/ARM_GCC_Support/ewl/lib/armv6-m\librt.a(__arm_eabi_init.o)
                0x000037d4                __init_user
 .text.__copy_rom_section
                0x000037d8       0x48 C:/Freescale/CW MCU v10.7/MCU/ARM_GCC_Support/ewl/lib/armv6-m\librt.a(ROMCopy.o)
                0x000037d8                __copy_rom_section
 .text.__copy_rom_sections_to_ram
                0x00003820       0x34 C:/Freescale/CW MCU v10.7/MCU/ARM_GCC_Support/ewl/lib/armv6-m\librt.a(ROMCopy.o)
                0x00003820                __copy_rom_sections_to_ram
 *(.rodata)
 .rodata        0x00003854      0x1c0 ./Generated_Code/CLS1.o
 .rodata        0x00003a14      0x18c ./Sources/Shell.o
 .rodata        0x00003ba0       0x2c ./Sources/ESP8266Driver.o
 *(.rodata*)
 .rodata.CLS1_stdio
                0x00003bcc       0x10 ./Generated_Code/CLS1.o
                0x00003bcc                CLS1_stdio
 .rodata.CmdParserTable
                0x00003bdc        0xc ./Sources/Shell.o
 .rodata.str1.1
                0x00003be8        0x1 C:/Freescale/CW MCU v10.7/MCU/ARM_GCC_Support/ewl/lib/armv6-m\libc.a(printformat_.o)
 .rodata.CSWTCH.20
                0x00003be9        0x5 C:/Freescale/CW MCU v10.7/MCU/ARM_GCC_Support/ewl/lib/armv6-m\libc.a(printformat_.o)
 .rodata.CSWTCH.21
                0x00003bee        0x5 C:/Freescale/CW MCU v10.7/MCU/ARM_GCC_Support/ewl/lib/armv6-m\libc.a(printformat_.o)
 .rodata.__aeabi_ctype_table_C
                0x00003bf3      0x101 C:/Freescale/CW MCU v10.7/MCU/ARM_GCC_Support/ewl/lib/armv6-m\libc.a(ctype_aeabi.o)
                0x00003bf3                __aeabi_ctype_table_C
 *(.glue_7)
 .glue_7        0x00000000        0x0 linker stubs
 *(.glue_7t)
 .glue_7t       0x00000000        0x0 linker stubs
 *(.eh_frame)
 *(.init)
 *(.fini)
                0x00003cf4                . = ALIGN (0x4)
                0x00003cf4                _etext = .

.vfp11_veneer   0x00003cf4        0x0
 .vfp11_veneer  0x00000000        0x0 linker stubs

.v4_bx          0x00003cf4        0x0
 .v4_bx         0x00000000        0x0 linker stubs

.iplt           0x00003cf4        0x0
 .iplt          0x00000000        0x0 ./Generated_Code/XF1.o

.rel.dyn        0x00003cf4        0x0
 .rel.iplt      0x00000000        0x0 ./Generated_Code/XF1.o

.ARM.extab
 *(.ARM.extab* .gnu.linkonce.armextab.*)

.ARM            0x00003cf4        0x0
                0x00003cf4                __exidx_start = .
 *(.ARM.exidx*)
                0x00003cf4                __exidx_end = .

.ctors          0x00003cf4        0x0
                0x00003cf4                __CTOR_LIST__ = .
 *crtbegin.o(.ctors)
 *(EXCLUDE_FILE(*crtend.o) .ctors)
 *(SORT(.ctors.*))
 *(.ctors)
                0x00003cf4                __CTOR_END__ = .

.dtors          0x00003cf4        0x0
                0x00003cf4                __DTOR_LIST__ = .
 *crtbegin.o(.dtors)
 *(EXCLUDE_FILE(*crtend.o) .dtors)
 *(SORT(.dtors.*))
 *(.dtors)
                0x00003cf4                __DTOR_END__ = .

.preinit_array  0x00003cf4        0x0
                0x00003cf4                PROVIDE (__preinit_array_start, .)
 *(.preinit_array*)
                0x00003cf4                PROVIDE (__preinit_array_end, .)

.init_array     0x00003cf4        0x0
                0x00003cf4                PROVIDE (__init_array_start, .)
 *(SORT(.init_array.*))
 *(.init_array*)
                0x00003cf4                PROVIDE (__init_array_end, .)

.fini_array     0x00003cf4        0x0
                0x00003cf4                PROVIDE (__fini_array_start, .)
 *(SORT(.fini_array.*))
 *(.fini_array*)
                0x00003cf4                PROVIDE (__fini_array_end, .)
                0x00003cf4                ___ROM_AT = .

.mtb            0x1ffff000        0x0
                0x1ffff000                . = ALIGN (0x8)
                0x1ffff000                _mtb_start = .
 *(.mtb_buf)
                0x1ffff000                . = ALIGN (0x8)
                0x1ffff000                _mtb_end = .

.data           0x1ffff000        0x8 load address 0x00003cf4
                0x1ffff000                . = ALIGN (0x4)
                0x1ffff000                _sdata = .
 *(.data)
 *(.data*)
 .data.CLS1_EchoEnabled
                0x1ffff000        0x1 ./Generated_Code/CLS1.o
 *fill*         0x1ffff001        0x3 00
 .data.CLS1_currStdIO
                0x1ffff004        0x4 ./Generated_Code/CLS1.o
                0x1ffff008                . = ALIGN (0x4)
                0x1ffff008                _edata = .
                0x00000008                ___data_size = (_edata - _sdata)

.igot.plt       0x1ffff008        0x0 load address 0x00003cfc
 .igot.plt      0x00000000        0x0 ./Generated_Code/XF1.o
                0x1ffff008                . = ALIGN (0x4)

.bss            0x1ffff008      0x9d4 load address 0x00003cfc
                0x1ffff008                __START_BSS = .
                0x1ffff008                PROVIDE (__bss_start__, __START_BSS)
 *(.bss)
 *(.bss*)
 .bss.SerFlag   0x1ffff008        0x2 ./Generated_Code/WiFiSerial.o
 .bss.WiFiSerial_InpLen
                0x1ffff00a        0x2 ./Generated_Code/WiFiSerial.o
 .bss.InpIndexR
                0x1ffff00c        0x2 ./Generated_Code/WiFiSerial.o
 .bss.InpIndexW
                0x1ffff00e        0x2 ./Generated_Code/WiFiSerial.o
 .bss.InpBuffer
                0x1ffff010      0x100 ./Generated_Code/WiFiSerial.o
 .bss.BufferRead
                0x1ffff110        0x1 ./Generated_Code/WiFiSerial.o
 *fill*         0x1ffff111        0x1 00
 .bss.WiFiSerial_OutLen
                0x1ffff112        0x2 ./Generated_Code/WiFiSerial.o
 .bss.OutIndexR
                0x1ffff114        0x2 ./Generated_Code/WiFiSerial.o
 .bss.OutIndexW
                0x1ffff116        0x2 ./Generated_Code/WiFiSerial.o
 .bss.OutBuffer
                0x1ffff118      0x800 ./Generated_Code/WiFiSerial.o
 .bss.OnFreeTxBufSemaphore
                0x1ffff918        0x1 ./Generated_Code/WiFiSerial.o
 *fill*         0x1ffff919        0x1 00
 .bss.SerFlag   0x1ffff91a        0x2 ./Generated_Code/ShellSerial.o
 .bss.BufferRead
                0x1ffff91c        0x1 ./Generated_Code/ShellSerial.o
 .bss.OutBuffer
                0x1ffff91d        0x1 ./Generated_Code/ShellSerial.o
 *fill*         0x1ffff91e        0x2 00
 .bss.PE_LDD_DeviceDataList
                0x1ffff920        0x8 ./Generated_Code/PE_LDD.o
                0x1ffff920                PE_LDD_DeviceDataList
 .bss.SR_lock   0x1ffff928        0x1 ./Generated_Code/Cpu.o
                0x1ffff928                SR_lock
 *fill*         0x1ffff929        0x3 00
 .bss.DeviceDataPrv__DEFAULT_RTOS_ALLOC
                0x1ffff92c       0x20 ./Generated_Code/ASerialLdd2.o
 .bss.INT_UART1__DEFAULT_RTOS_ISRPARAM
                0x1ffff94c        0x4 ./Generated_Code/ASerialLdd2.o
 .bss.DeviceDataPrv__DEFAULT_RTOS_ALLOC
                0x1ffff950       0x20 ./Generated_Code/ASerialLdd1.o
 .bss.argv      0x1ffff970        0x4 ./Project_Settings/Startup_Code/__arm_start.o
 .bss.__stdio_exit
                0x1ffff974        0x4 C:/Freescale/CW MCU v10.7/MCU/ARM_GCC_Support/ewl/lib/armv6-m\libc.a(exit.o)
                0x1ffff974                __stdio_exit
 .bss.__console_exit
                0x1ffff978        0x4 C:/Freescale/CW MCU v10.7/MCU/ARM_GCC_Support/ewl/lib/armv6-m\libc.a(exit.o)
                0x1ffff978                __console_exit
 .bss.__global_destructor_chain
                0x1ffff97c        0x4 C:/Freescale/CW MCU v10.7/MCU/ARM_GCC_Support/ewl/lib/armv6-m\librt.a(__arm_eabi_init.o)
                0x1ffff97c                __global_destructor_chain
 .bss.__S_romp  0x1ffff980        0xc C:/Freescale/CW MCU v10.7/MCU/ARM_GCC_Support/ewl/lib/armv6-m\librt.a(ROMCopy.o)
 *(COMMON)
 COMMON         0x1ffff98c        0x4 ./Generated_Code/WiFiSerial.o
                0x1ffff98c                ASerialLdd2_DeviceDataPtr
 COMMON         0x1ffff990        0x4 ./Generated_Code/ShellSerial.o
                0x1ffff990                ASerialLdd1_DeviceDataPtr
 COMMON         0x1ffff994        0x1 ./Generated_Code/Cpu.o
                0x1ffff994                SR_reg
 *fill*         0x1ffff995        0x3 00
 COMMON         0x1ffff998       0x41 ./Sources/Shell.o
                0x1ffff998                baCmdBuffer
                0x1ffff9d8                bEchoEnabled
                0x1ffff9dc                . = ALIGN (0x4)
 *fill*         0x1ffff9d9        0x3 00
                0x1ffff9dc                __END_BSS = .
                0x1ffff9dc                PROVIDE (__bss_end__, __END_BSS)
                0x00003cfc                _romp_at = (___ROM_AT + SIZEOF (.data))

.romp           0x1ffff9dc       0x18 load address 0x00003cfc
                0x00003cfc                __S_romp = _romp_at
                0x1ffff9dc        0x4 LONG 0x3cf4 ___ROM_AT
                0x1ffff9e0        0x4 LONG 0x1ffff000 _sdata
                0x1ffff9e4        0x4 LONG 0x8 ___data_size
                0x1ffff9e8        0x4 LONG 0x0
                0x1ffff9ec        0x4 LONG 0x0
                0x1ffff9f0        0x4 LONG 0x0

._user_heap_stack
                0x1ffff9f4      0x400 load address 0x00003d14
                0x1ffff9f4                . = ALIGN (0x4)
                0x1ffff9f4                PROVIDE (end, .)
                0x1ffff9f4                PROVIDE (_end, .)
                0x1ffff9f4                __heap_addr = .
                0x1ffff9f4                . = (. + __heap_size)
                0x1ffffdf4                . = (. + __stack_size)
 *fill*         0x1ffff9f4      0x400 00
                0x1ffffdf4                . = ALIGN (0x4)

.ARM.attributes
                0x00000000       0x31
 *(.ARM.attributes)
 .ARM.attributes
                0x00000000       0x31 ./Generated_Code/XF1.o
 .ARM.attributes
                0x00000031       0x31 ./Generated_Code/WiFiSerial.o
 .ARM.attributes
                0x00000062       0x31 ./Generated_Code/WAIT1.o
 .ARM.attributes
                0x00000093       0x31 ./Generated_Code/Vectors.o
 .ARM.attributes
                0x000000c4       0x31 ./Generated_Code/UTIL1.o
 .ARM.attributes
                0x000000f5       0x31 ./Generated_Code/ShellSerial.o
 .ARM.attributes
                0x00000126       0x31 ./Generated_Code/PE_LDD.o
 .ARM.attributes
                0x00000157       0x31 ./Generated_Code/MCUC1.o
 .ARM.attributes
                0x00000188       0x31 ./Generated_Code/Cpu.o
 .ARM.attributes
                0x000001b9       0x31 ./Generated_Code/CS1.o
 .ARM.attributes
                0x000001ea       0x31 ./Generated_Code/CLS1.o
 .ARM.attributes
                0x0000021b       0x31 ./Generated_Code/ASerialLdd2.o
 .ARM.attributes
                0x0000024c       0x31 ./Generated_Code/ASerialLdd1.o
 .ARM.attributes
                0x0000027d       0x31 ./Project_Settings/Startup_Code/__arm_start.o
 .ARM.attributes
                0x000002ae       0x31 ./Project_Settings/Startup_Code/__arm_end.o
 .ARM.attributes
                0x000002df       0x31 ./Sources/main.o
 .ARM.attributes
                0x00000310       0x31 ./Sources/Shell.o
 .ARM.attributes
                0x00000341       0x31 ./Sources/MainDriver.o
 .ARM.attributes
                0x00000372       0x31 ./Sources/Events.o
 .ARM.attributes
                0x000003a3       0x31 ./Sources/ESP8266Driver.o
 .ARM.attributes
                0x000003d4       0x31 C:/Freescale/CW MCU v10.7/MCU/ARM_GCC_Support/ewl/lib/armv6-m\libc.a(exit.o)
 .ARM.attributes
                0x00000405       0x31 C:/Freescale/CW MCU v10.7/MCU/ARM_GCC_Support/ewl/lib/armv6-m\libc.a(strchr.o)
 .ARM.attributes
                0x00000436       0x31 C:/Freescale/CW MCU v10.7/MCU/ARM_GCC_Support/ewl/lib/armv6-m\libc.a(memset.o)
 .ARM.attributes
                0x00000467       0x31 C:/Freescale/CW MCU v10.7/MCU/ARM_GCC_Support/ewl/lib/armv6-m\libc.a(strncmp.o)
 .ARM.attributes
                0x00000498       0x31 C:/Freescale/CW MCU v10.7/MCU/ARM_GCC_Support/ewl/lib/armv6-m\libc.a(__filll_mem.o)
 .ARM.attributes
                0x000004c9       0x31 C:/Freescale/CW MCU v10.7/MCU/ARM_GCC_Support/ewl/lib/armv6-m\libc.a(strcmp.o)
 .ARM.attributes
                0x000004fa       0x31 C:/Freescale/CW MCU v10.7/MCU/ARM_GCC_Support/ewl/lib/armv6-m\libc.a(strlen.o)
 .ARM.attributes
                0x0000052b       0x31 C:/Freescale/CW MCU v10.7/MCU/ARM_GCC_Support/ewl/lib/armv6-m\libc.a(printformat_.o)
 .ARM.attributes
                0x0000055c       0x31 C:/Freescale/CW MCU v10.7/MCU/ARM_GCC_Support/ewl/lib/armv6-m\libc.a(scanformat_.o)
 .ARM.attributes
                0x0000058d       0x31 C:/Freescale/CW MCU v10.7/MCU/ARM_GCC_Support/ewl/lib/armv6-m\libc.a(ctype_aeabi.o)
 .ARM.attributes
                0x000005be       0x31 C:/Freescale/CW MCU v10.7/MCU/ARM_GCC_Support/ewl/lib/armv6-m\libc.a(__strtoul.o)
 .ARM.attributes
                0x000005ef       0x31 C:/Freescale/CW MCU v10.7/MCU/ARM_GCC_Support/ewl/lib/armv6-m\libc.a(memcpy.o)
 .ARM.attributes
                0x00000620       0x31 C:/Freescale/CW MCU v10.7/MCU/ARM_GCC_Support/ewl/lib/armv6-m\libc.a(memchr.o)
 .ARM.attributes
                0x00000651       0x1e c:/freescale/cw mcu v10.7/cross_tools/arm-none-eabi-gcc-4_7_3/bin/../lib/gcc/arm-none-eabi/4.7.3/armv6-m\libgcc.a(_thumb1_case_sqi.o)
 .ARM.attributes
                0x0000066f       0x1e c:/freescale/cw mcu v10.7/cross_tools/arm-none-eabi-gcc-4_7_3/bin/../lib/gcc/arm-none-eabi/4.7.3/armv6-m\libgcc.a(_thumb1_case_uqi.o)
 .ARM.attributes
                0x0000068d       0x1e c:/freescale/cw mcu v10.7/cross_tools/arm-none-eabi-gcc-4_7_3/bin/../lib/gcc/arm-none-eabi/4.7.3/armv6-m\libgcc.a(_udivsi3.o)
 .ARM.attributes
                0x000006ab       0x1e c:/freescale/cw mcu v10.7/cross_tools/arm-none-eabi-gcc-4_7_3/bin/../lib/gcc/arm-none-eabi/4.7.3/armv6-m\libgcc.a(_dvmd_tls.o)
 .ARM.attributes
                0x000006c9       0x31 C:/Freescale/CW MCU v10.7/MCU/ARM_GCC_Support/ewl/lib/armv6-m\librt.a(gcc_ctor_dtor.o)
 .ARM.attributes
                0x000006fa       0x31 C:/Freescale/CW MCU v10.7/MCU/ARM_GCC_Support/ewl/lib/armv6-m\librt.a(__arm_eabi_init.o)
 .ARM.attributes
                0x0000072b       0x31 C:/Freescale/CW MCU v10.7/MCU/ARM_GCC_Support/ewl/lib/armv6-m\librt.a(ROMCopy.o)
OUTPUT(Test_WiFiESP8266.elf elf32-littlearm)

.debug_info     0x00000000     0x7e6f
 .debug_info    0x00000000      0x846 ./Generated_Code/XF1.o
 .debug_info    0x00000846      0x537 ./Generated_Code/WiFiSerial.o
 .debug_info    0x00000d7d      0x165 ./Generated_Code/WAIT1.o
 .debug_info    0x00000ee2      0x10b ./Generated_Code/Vectors.o
 .debug_info    0x00000fed     0x1b96 ./Generated_Code/UTIL1.o
 .debug_info    0x00002b83      0x223 ./Generated_Code/ShellSerial.o
 .debug_info    0x00002da6      0x255 ./Generated_Code/PE_LDD.o
 .debug_info    0x00002ffb       0xa0 ./Generated_Code/MCUC1.o
 .debug_info    0x0000309b      0x8e8 ./Generated_Code/Cpu.o
 .debug_info    0x00003983       0xa0 ./Generated_Code/CS1.o
 .debug_info    0x00003a23      0xbbd ./Generated_Code/CLS1.o
 .debug_info    0x000045e0      0x866 ./Generated_Code/ASerialLdd2.o
 .debug_info    0x00004e46      0x7b7 ./Generated_Code/ASerialLdd1.o
 .debug_info    0x000055fd      0x12a ./Project_Settings/Startup_Code/__arm_start.o
 .debug_info    0x00005727       0x54 ./Project_Settings/Startup_Code/__arm_end.o
 .debug_info    0x0000577b       0x96 ./Sources/main.o
 .debug_info    0x00005811      0x2c0 ./Sources/Shell.o
 .debug_info    0x00005ad1       0x7d ./Sources/MainDriver.o
 .debug_info    0x00005b4e       0xfb ./Sources/Events.o
 .debug_info    0x00005c49      0x3b9 ./Sources/ESP8266Driver.o
 .debug_info    0x00006002       0xe8 C:/Freescale/CW MCU v10.7/MCU/ARM_GCC_Support/ewl/lib/armv6-m\libc.a(exit.o)
 .debug_info    0x000060ea      0x10b C:/Freescale/CW MCU v10.7/MCU/ARM_GCC_Support/ewl/lib/armv6-m\libc.a(strchr.o)
 .debug_info    0x000061f5       0xec C:/Freescale/CW MCU v10.7/MCU/ARM_GCC_Support/ewl/lib/armv6-m\libc.a(memset.o)
 .debug_info    0x000062e1      0x141 C:/Freescale/CW MCU v10.7/MCU/ARM_GCC_Support/ewl/lib/armv6-m\libc.a(strncmp.o)
 .debug_info    0x00006422      0x137 C:/Freescale/CW MCU v10.7/MCU/ARM_GCC_Support/ewl/lib/armv6-m\libc.a(__filll_mem.o)
 .debug_info    0x00006559      0x114 C:/Freescale/CW MCU v10.7/MCU/ARM_GCC_Support/ewl/lib/armv6-m\libc.a(strcmp.o)
 .debug_info    0x0000666d       0xea C:/Freescale/CW MCU v10.7/MCU/ARM_GCC_Support/ewl/lib/armv6-m\libc.a(strlen.o)
 .debug_info    0x00006757      0x50d C:/Freescale/CW MCU v10.7/MCU/ARM_GCC_Support/ewl/lib/armv6-m\libc.a(printformat_.o)
 .debug_info    0x00006c64      0x568 C:/Freescale/CW MCU v10.7/MCU/ARM_GCC_Support/ewl/lib/armv6-m\libc.a(scanformat_.o)
 .debug_info    0x000071cc      0x313 C:/Freescale/CW MCU v10.7/MCU/ARM_GCC_Support/ewl/lib/armv6-m\libc.a(ctype_aeabi.o)
 .debug_info    0x000074df      0x1d6 C:/Freescale/CW MCU v10.7/MCU/ARM_GCC_Support/ewl/lib/armv6-m\libc.a(__strtoul.o)
 .debug_info    0x000076b5      0x10f C:/Freescale/CW MCU v10.7/MCU/ARM_GCC_Support/ewl/lib/armv6-m\libc.a(memcpy.o)
 .debug_info    0x000077c4      0x121 C:/Freescale/CW MCU v10.7/MCU/ARM_GCC_Support/ewl/lib/armv6-m\libc.a(memchr.o)
 .debug_info    0x000078e5      0x136 C:/Freescale/CW MCU v10.7/MCU/ARM_GCC_Support/ewl/lib/armv6-m\librt.a(gcc_ctor_dtor.o)
 .debug_info    0x00007a1b      0x2b9 C:/Freescale/CW MCU v10.7/MCU/ARM_GCC_Support/ewl/lib/armv6-m\librt.a(__arm_eabi_init.o)
 .debug_info    0x00007cd4      0x19b C:/Freescale/CW MCU v10.7/MCU/ARM_GCC_Support/ewl/lib/armv6-m\librt.a(ROMCopy.o)

.debug_abbrev   0x00000000     0x1f62
 .debug_abbrev  0x00000000      0x1bc ./Generated_Code/XF1.o
 .debug_abbrev  0x000001bc      0x176 ./Generated_Code/WiFiSerial.o
 .debug_abbrev  0x00000332       0xa3 ./Generated_Code/WAIT1.o
 .debug_abbrev  0x000003d5       0xa3 ./Generated_Code/Vectors.o
 .debug_abbrev  0x00000478      0x166 ./Generated_Code/UTIL1.o
 .debug_abbrev  0x000005de      0x11a ./Generated_Code/ShellSerial.o
 .debug_abbrev  0x000006f8      0x102 ./Generated_Code/PE_LDD.o
 .debug_abbrev  0x000007fa       0x3d ./Generated_Code/MCUC1.o
 .debug_abbrev  0x00000837      0x122 ./Generated_Code/Cpu.o
 .debug_abbrev  0x00000959       0x3d ./Generated_Code/CS1.o
 .debug_abbrev  0x00000996      0x1c1 ./Generated_Code/CLS1.o
 .debug_abbrev  0x00000b57      0x189 ./Generated_Code/ASerialLdd2.o
 .debug_abbrev  0x00000ce0      0x180 ./Generated_Code/ASerialLdd1.o
 .debug_abbrev  0x00000e60       0x92 ./Project_Settings/Startup_Code/__arm_start.o
 .debug_abbrev  0x00000ef2       0x4c ./Project_Settings/Startup_Code/__arm_end.o
 .debug_abbrev  0x00000f3e       0x3f ./Sources/main.o
 .debug_abbrev  0x00000f7d      0x12d ./Sources/Shell.o
 .debug_abbrev  0x000010aa       0x32 ./Sources/MainDriver.o
 .debug_abbrev  0x000010dc       0x3d ./Sources/Events.o
 .debug_abbrev  0x00001119       0xfa ./Sources/ESP8266Driver.o
 .debug_abbrev  0x00001213       0x7a C:/Freescale/CW MCU v10.7/MCU/ARM_GCC_Support/ewl/lib/armv6-m\libc.a(exit.o)
 .debug_abbrev  0x0000128d       0x7a C:/Freescale/CW MCU v10.7/MCU/ARM_GCC_Support/ewl/lib/armv6-m\libc.a(strchr.o)
 .debug_abbrev  0x00001307       0x62 C:/Freescale/CW MCU v10.7/MCU/ARM_GCC_Support/ewl/lib/armv6-m\libc.a(memset.o)
 .debug_abbrev  0x00001369       0x98 C:/Freescale/CW MCU v10.7/MCU/ARM_GCC_Support/ewl/lib/armv6-m\libc.a(strncmp.o)
 .debug_abbrev  0x00001401       0x78 C:/Freescale/CW MCU v10.7/MCU/ARM_GCC_Support/ewl/lib/armv6-m\libc.a(__filll_mem.o)
 .debug_abbrev  0x00001479       0x89 C:/Freescale/CW MCU v10.7/MCU/ARM_GCC_Support/ewl/lib/armv6-m\libc.a(strcmp.o)
 .debug_abbrev  0x00001502       0x7a C:/Freescale/CW MCU v10.7/MCU/ARM_GCC_Support/ewl/lib/armv6-m\libc.a(strlen.o)
 .debug_abbrev  0x0000157c      0x200 C:/Freescale/CW MCU v10.7/MCU/ARM_GCC_Support/ewl/lib/armv6-m\libc.a(printformat_.o)
 .debug_abbrev  0x0000177c      0x1f0 C:/Freescale/CW MCU v10.7/MCU/ARM_GCC_Support/ewl/lib/armv6-m\libc.a(scanformat_.o)
 .debug_abbrev  0x0000196c       0x9e C:/Freescale/CW MCU v10.7/MCU/ARM_GCC_Support/ewl/lib/armv6-m\libc.a(ctype_aeabi.o)
 .debug_abbrev  0x00001a0a       0xc2 C:/Freescale/CW MCU v10.7/MCU/ARM_GCC_Support/ewl/lib/armv6-m\libc.a(__strtoul.o)
 .debug_abbrev  0x00001acc       0x95 C:/Freescale/CW MCU v10.7/MCU/ARM_GCC_Support/ewl/lib/armv6-m\libc.a(memcpy.o)
 .debug_abbrev  0x00001b61       0x95 C:/Freescale/CW MCU v10.7/MCU/ARM_GCC_Support/ewl/lib/armv6-m\libc.a(memchr.o)
 .debug_abbrev  0x00001bf6       0x99 C:/Freescale/CW MCU v10.7/MCU/ARM_GCC_Support/ewl/lib/armv6-m\librt.a(gcc_ctor_dtor.o)
 .debug_abbrev  0x00001c8f      0x1b3 C:/Freescale/CW MCU v10.7/MCU/ARM_GCC_Support/ewl/lib/armv6-m\librt.a(__arm_eabi_init.o)
 .debug_abbrev  0x00001e42      0x120 C:/Freescale/CW MCU v10.7/MCU/ARM_GCC_Support/ewl/lib/armv6-m\librt.a(ROMCopy.o)

.debug_loc      0x00000000     0x5119
 .debug_loc     0x00000000      0x356 ./Generated_Code/XF1.o
 .debug_loc     0x00000356      0x2e0 ./Generated_Code/WiFiSerial.o
 .debug_loc     0x00000636      0x100 ./Generated_Code/WAIT1.o
 .debug_loc     0x00000736      0xf39 ./Generated_Code/UTIL1.o
 .debug_loc     0x0000166f      0x158 ./Generated_Code/ShellSerial.o
 .debug_loc     0x000017c7       0x9c ./Generated_Code/PE_LDD.o
 .debug_loc     0x00001863       0x58 ./Generated_Code/MCUC1.o
 .debug_loc     0x000018bb       0xb0 ./Generated_Code/Cpu.o
 .debug_loc     0x0000196b       0x58 ./Generated_Code/CS1.o
 .debug_loc     0x000019c3      0x778 ./Generated_Code/CLS1.o
 .debug_loc     0x0000213b      0x194 ./Generated_Code/ASerialLdd2.o
 .debug_loc     0x000022cf      0x204 ./Generated_Code/ASerialLdd1.o
 .debug_loc     0x000024d3       0x2c ./Project_Settings/Startup_Code/__arm_start.o
 .debug_loc     0x000024ff       0x38 ./Project_Settings/Startup_Code/__arm_end.o
 .debug_loc     0x00002537       0x2c ./Sources/main.o
 .debug_loc     0x00002563      0x10c ./Sources/Shell.o
 .debug_loc     0x0000266f       0x58 ./Sources/MainDriver.o
 .debug_loc     0x000026c7      0x108 ./Sources/Events.o
 .debug_loc     0x000027cf      0x10e ./Sources/ESP8266Driver.o
 .debug_loc     0x000028dd       0x3e C:/Freescale/CW MCU v10.7/MCU/ARM_GCC_Support/ewl/lib/armv6-m\libc.a(exit.o)
 .debug_loc     0x0000291b       0xaf C:/Freescale/CW MCU v10.7/MCU/ARM_GCC_Support/ewl/lib/armv6-m\libc.a(strchr.o)
 .debug_loc     0x000029ca       0x6f C:/Freescale/CW MCU v10.7/MCU/ARM_GCC_Support/ewl/lib/armv6-m\libc.a(memset.o)
 .debug_loc     0x00002a39       0xed C:/Freescale/CW MCU v10.7/MCU/ARM_GCC_Support/ewl/lib/armv6-m\libc.a(strncmp.o)
 .debug_loc     0x00002b26      0x14a C:/Freescale/CW MCU v10.7/MCU/ARM_GCC_Support/ewl/lib/armv6-m\libc.a(__filll_mem.o)
 .debug_loc     0x00002c70       0x64 C:/Freescale/CW MCU v10.7/MCU/ARM_GCC_Support/ewl/lib/armv6-m\libc.a(strcmp.o)
 .debug_loc     0x00002cd4       0x33 C:/Freescale/CW MCU v10.7/MCU/ARM_GCC_Support/ewl/lib/armv6-m\libc.a(strlen.o)
 .debug_loc     0x00002d07     0x104b C:/Freescale/CW MCU v10.7/MCU/ARM_GCC_Support/ewl/lib/armv6-m\libc.a(printformat_.o)
 .debug_loc     0x00003d52      0x9d8 C:/Freescale/CW MCU v10.7/MCU/ARM_GCC_Support/ewl/lib/armv6-m\libc.a(scanformat_.o)
 .debug_loc     0x0000472a      0x30d C:/Freescale/CW MCU v10.7/MCU/ARM_GCC_Support/ewl/lib/armv6-m\libc.a(ctype_aeabi.o)
 .debug_loc     0x00004a37      0x305 C:/Freescale/CW MCU v10.7/MCU/ARM_GCC_Support/ewl/lib/armv6-m\libc.a(__strtoul.o)
 .debug_loc     0x00004d3c       0x59 C:/Freescale/CW MCU v10.7/MCU/ARM_GCC_Support/ewl/lib/armv6-m\libc.a(memcpy.o)
 .debug_loc     0x00004d95       0x77 C:/Freescale/CW MCU v10.7/MCU/ARM_GCC_Support/ewl/lib/armv6-m\libc.a(memchr.o)
 .debug_loc     0x00004e0c       0x9d C:/Freescale/CW MCU v10.7/MCU/ARM_GCC_Support/ewl/lib/armv6-m\librt.a(gcc_ctor_dtor.o)
 .debug_loc     0x00004ea9      0x197 C:/Freescale/CW MCU v10.7/MCU/ARM_GCC_Support/ewl/lib/armv6-m\librt.a(__arm_eabi_init.o)
 .debug_loc     0x00005040       0xd9 C:/Freescale/CW MCU v10.7/MCU/ARM_GCC_Support/ewl/lib/armv6-m\librt.a(ROMCopy.o)

.debug_aranges  0x00000000      0xad0
 .debug_aranges
                0x00000000       0x90 ./Generated_Code/XF1.o
 .debug_aranges
                0x00000090       0x88 ./Generated_Code/WiFiSerial.o
 .debug_aranges
                0x00000118       0x50 ./Generated_Code/WAIT1.o
 .debug_aranges
                0x00000168       0x18 ./Generated_Code/Vectors.o
 .debug_aranges
                0x00000180      0x248 ./Generated_Code/UTIL1.o
 .debug_aranges
                0x000003c8       0x50 ./Generated_Code/ShellSerial.o
 .debug_aranges
                0x00000418       0x30 ./Generated_Code/PE_LDD.o
 .debug_aranges
                0x00000448       0x28 ./Generated_Code/MCUC1.o
 .debug_aranges
                0x00000470       0x38 ./Generated_Code/Cpu.o
 .debug_aranges
                0x000004a8       0x28 ./Generated_Code/CS1.o
 .debug_aranges
                0x000004d0      0x130 ./Generated_Code/CLS1.o
 .debug_aranges
                0x00000600       0x50 ./Generated_Code/ASerialLdd2.o
 .debug_aranges
                0x00000650       0x60 ./Generated_Code/ASerialLdd1.o
 .debug_aranges
                0x000006b0       0x30 ./Project_Settings/Startup_Code/__arm_start.o
 .debug_aranges
                0x000006e0       0x20 ./Project_Settings/Startup_Code/__arm_end.o
 .debug_aranges
                0x00000700       0x20 ./Sources/main.o
 .debug_aranges
                0x00000720       0x40 ./Sources/Shell.o
 .debug_aranges
                0x00000760       0x28 ./Sources/MainDriver.o
 .debug_aranges
                0x00000788       0x48 ./Sources/Events.o
 .debug_aranges
                0x000007d0       0x40 ./Sources/ESP8266Driver.o
 .debug_aranges
                0x00000810       0x20 C:/Freescale/CW MCU v10.7/MCU/ARM_GCC_Support/ewl/lib/armv6-m\libc.a(exit.o)
 .debug_aranges
                0x00000830       0x20 C:/Freescale/CW MCU v10.7/MCU/ARM_GCC_Support/ewl/lib/armv6-m\libc.a(strchr.o)
 .debug_aranges
                0x00000850       0x20 C:/Freescale/CW MCU v10.7/MCU/ARM_GCC_Support/ewl/lib/armv6-m\libc.a(memset.o)
 .debug_aranges
                0x00000870       0x20 C:/Freescale/CW MCU v10.7/MCU/ARM_GCC_Support/ewl/lib/armv6-m\libc.a(strncmp.o)
 .debug_aranges
                0x00000890       0x20 C:/Freescale/CW MCU v10.7/MCU/ARM_GCC_Support/ewl/lib/armv6-m\libc.a(__filll_mem.o)
 .debug_aranges
                0x000008b0       0x20 C:/Freescale/CW MCU v10.7/MCU/ARM_GCC_Support/ewl/lib/armv6-m\libc.a(strcmp.o)
 .debug_aranges
                0x000008d0       0x20 C:/Freescale/CW MCU v10.7/MCU/ARM_GCC_Support/ewl/lib/armv6-m\libc.a(strlen.o)
 .debug_aranges
                0x000008f0       0x28 C:/Freescale/CW MCU v10.7/MCU/ARM_GCC_Support/ewl/lib/armv6-m\libc.a(printformat_.o)
 .debug_aranges
                0x00000918       0x20 C:/Freescale/CW MCU v10.7/MCU/ARM_GCC_Support/ewl/lib/armv6-m\libc.a(scanformat_.o)
 .debug_aranges
                0x00000938       0x88 C:/Freescale/CW MCU v10.7/MCU/ARM_GCC_Support/ewl/lib/armv6-m\libc.a(ctype_aeabi.o)
 .debug_aranges
                0x000009c0       0x20 C:/Freescale/CW MCU v10.7/MCU/ARM_GCC_Support/ewl/lib/armv6-m\libc.a(__strtoul.o)
 .debug_aranges
                0x000009e0       0x20 C:/Freescale/CW MCU v10.7/MCU/ARM_GCC_Support/ewl/lib/armv6-m\libc.a(memcpy.o)
 .debug_aranges
                0x00000a00       0x20 C:/Freescale/CW MCU v10.7/MCU/ARM_GCC_Support/ewl/lib/armv6-m\libc.a(memchr.o)
 .debug_aranges
                0x00000a20       0x28 C:/Freescale/CW MCU v10.7/MCU/ARM_GCC_Support/ewl/lib/armv6-m\librt.a(gcc_ctor_dtor.o)
 .debug_aranges
                0x00000a48       0x58 C:/Freescale/CW MCU v10.7/MCU/ARM_GCC_Support/ewl/lib/armv6-m\librt.a(__arm_eabi_init.o)
 .debug_aranges
                0x00000aa0       0x30 C:/Freescale/CW MCU v10.7/MCU/ARM_GCC_Support/ewl/lib/armv6-m\librt.a(ROMCopy.o)

.debug_macinfo  0x00000000   0x33f2e3
 .debug_macinfo
                0x00000000    0x2e7c9 ./Generated_Code/XF1.o
 .debug_macinfo
                0x0002e7c9    0x2fa0b ./Generated_Code/WiFiSerial.o
 .debug_macinfo
                0x0005e1d4    0x2e681 ./Generated_Code/WAIT1.o
 .debug_macinfo
                0x0008c855    0x2f8c6 ./Generated_Code/Vectors.o
 .debug_macinfo
                0x000bc11b    0x2e692 ./Generated_Code/UTIL1.o
 .debug_macinfo
                0x000ea7ad    0x2dfae ./Generated_Code/ShellSerial.o
 .debug_macinfo
                0x0011875b    0x2f88e ./Generated_Code/PE_LDD.o
 .debug_macinfo
                0x00147fe9    0x2e251 ./Generated_Code/MCUC1.o
 .debug_macinfo
                0x0017623a    0x2f8c6 ./Generated_Code/Cpu.o
 .debug_macinfo
                0x001a5b00    0x2e4e0 ./Generated_Code/CS1.o
 .debug_macinfo
                0x001d3fe0    0x2f768 ./Generated_Code/CLS1.o
 .debug_macinfo
                0x00203748    0x3bece ./Generated_Code/ASerialLdd2.o
 .debug_macinfo
                0x0023f616    0x38360 ./Generated_Code/ASerialLdd1.o
 .debug_macinfo
                0x00277976     0x3e6d ./Project_Settings/Startup_Code/__arm_start.o
 .debug_macinfo
                0x0027b7e3     0x3456 ./Project_Settings/Startup_Code/__arm_end.o
 .debug_macinfo
                0x0027ec39    0x2f8d7 ./Sources/main.o
 .debug_macinfo
                0x002ae510    0x2f687 ./Sources/Shell.o
 .debug_macinfo
                0x002ddb97     0x2567 ./Sources/MainDriver.o
 .debug_macinfo
                0x002e00fe    0x2f8c2 ./Sources/Events.o
 .debug_macinfo
                0x0030f9c0    0x2f923 ./Sources/ESP8266Driver.o

.debug_line     0x00000000     0x6452
 .debug_line    0x00000000      0x506 ./Generated_Code/XF1.o
 .debug_line    0x00000506      0x665 ./Generated_Code/WiFiSerial.o
 .debug_line    0x00000b6b      0x2c8 ./Generated_Code/WAIT1.o
 .debug_line    0x00000e33      0x509 ./Generated_Code/Vectors.o
 .debug_line    0x0000133c      0xb03 ./Generated_Code/UTIL1.o
 .debug_line    0x00001e3f      0x2b8 ./Generated_Code/ShellSerial.o
 .debug_line    0x000020f7      0x3cf ./Generated_Code/PE_LDD.o
 .debug_line    0x000024c6      0x23b ./Generated_Code/MCUC1.o
 .debug_line    0x00002701      0x575 ./Generated_Code/Cpu.o
 .debug_line    0x00002c76      0x251 ./Generated_Code/CS1.o
 .debug_line    0x00002ec7      0x6fc ./Generated_Code/CLS1.o
 .debug_line    0x000035c3      0x37f ./Generated_Code/ASerialLdd2.o
 .debug_line    0x00003942      0x38b ./Generated_Code/ASerialLdd1.o
 .debug_line    0x00003ccd      0x2c5 ./Project_Settings/Startup_Code/__arm_start.o
 .debug_line    0x00003f92      0x265 ./Project_Settings/Startup_Code/__arm_end.o
 .debug_line    0x000041f7      0x40f ./Sources/main.o
 .debug_line    0x00004606      0x461 ./Sources/Shell.o
 .debug_line    0x00004a67       0xf8 ./Sources/MainDriver.o
 .debug_line    0x00004b5f      0x453 ./Sources/Events.o
 .debug_line    0x00004fb2      0x4b4 ./Sources/ESP8266Driver.o
 .debug_line    0x00005466       0x8d C:/Freescale/CW MCU v10.7/MCU/ARM_GCC_Support/ewl/lib/armv6-m\libc.a(exit.o)
 .debug_line    0x000054f3       0x7d C:/Freescale/CW MCU v10.7/MCU/ARM_GCC_Support/ewl/lib/armv6-m\libc.a(strchr.o)
 .debug_line    0x00005570       0x90 C:/Freescale/CW MCU v10.7/MCU/ARM_GCC_Support/ewl/lib/armv6-m\libc.a(memset.o)
 .debug_line    0x00005600       0x8d C:/Freescale/CW MCU v10.7/MCU/ARM_GCC_Support/ewl/lib/armv6-m\libc.a(strncmp.o)
 .debug_line    0x0000568d       0xf6 C:/Freescale/CW MCU v10.7/MCU/ARM_GCC_Support/ewl/lib/armv6-m\libc.a(__filll_mem.o)
 .debug_line    0x00005783       0x83 C:/Freescale/CW MCU v10.7/MCU/ARM_GCC_Support/ewl/lib/armv6-m\libc.a(strcmp.o)
 .debug_line    0x00005806       0x85 C:/Freescale/CW MCU v10.7/MCU/ARM_GCC_Support/ewl/lib/armv6-m\libc.a(strlen.o)
 .debug_line    0x0000588b      0x2c3 C:/Freescale/CW MCU v10.7/MCU/ARM_GCC_Support/ewl/lib/armv6-m\libc.a(printformat_.o)
 .debug_line    0x00005b4e      0x2be C:/Freescale/CW MCU v10.7/MCU/ARM_GCC_Support/ewl/lib/armv6-m\libc.a(scanformat_.o)
 .debug_line    0x00005e0c      0x1be C:/Freescale/CW MCU v10.7/MCU/ARM_GCC_Support/ewl/lib/armv6-m\libc.a(ctype_aeabi.o)
 .debug_line    0x00005fca      0x11e C:/Freescale/CW MCU v10.7/MCU/ARM_GCC_Support/ewl/lib/armv6-m\libc.a(__strtoul.o)
 .debug_line    0x000060e8       0x8b C:/Freescale/CW MCU v10.7/MCU/ARM_GCC_Support/ewl/lib/armv6-m\libc.a(memcpy.o)
 .debug_line    0x00006173       0x9f C:/Freescale/CW MCU v10.7/MCU/ARM_GCC_Support/ewl/lib/armv6-m\libc.a(memchr.o)
 .debug_line    0x00006212       0x6c C:/Freescale/CW MCU v10.7/MCU/ARM_GCC_Support/ewl/lib/armv6-m\librt.a(gcc_ctor_dtor.o)
 .debug_line    0x0000627e      0x117 C:/Freescale/CW MCU v10.7/MCU/ARM_GCC_Support/ewl/lib/armv6-m\librt.a(__arm_eabi_init.o)
 .debug_line    0x00006395       0xbd C:/Freescale/CW MCU v10.7/MCU/ARM_GCC_Support/ewl/lib/armv6-m\librt.a(ROMCopy.o)

.debug_str      0x00000000     0x26eb
 .debug_str     0x00000000      0x32a ./Generated_Code/XF1.o
                                0x3af (size before relaxing)
 .debug_str     0x0000032a      0x2a4 ./Generated_Code/WiFiSerial.o
                                0x419 (size before relaxing)
 .debug_str     0x000005ce       0xa5 ./Generated_Code/WAIT1.o
                                0x1e6 (size before relaxing)
 .debug_str     0x00000673       0x55 ./Generated_Code/Vectors.o
                                0x1a3 (size before relaxing)
 .debug_str     0x000006c8      0x76a ./Generated_Code/UTIL1.o
                                0x8fd (size before relaxing)
 .debug_str     0x00000e32       0xdd ./Generated_Code/ShellSerial.o
                                0x2a9 (size before relaxing)
 .debug_str     0x00000f0f      0x181 ./Generated_Code/PE_LDD.o
                                0x306 (size before relaxing)
 .debug_str     0x00001090       0x32 ./Generated_Code/MCUC1.o
                                0x16a (size before relaxing)
 .debug_str     0x000010c2      0x2be ./Generated_Code/Cpu.o
                                0x452 (size before relaxing)
 .debug_str     0x00001380       0x2c ./Generated_Code/CS1.o
                                0x164 (size before relaxing)
 .debug_str     0x000013ac      0x43b ./Generated_Code/CLS1.o
                                0x5fa (size before relaxing)
 .debug_str     0x000017e7      0x1cf ./Generated_Code/ASerialLdd2.o
                                0x504 (size before relaxing)
 .debug_str     0x000019b6      0x110 ./Generated_Code/ASerialLdd1.o
                                0x4cf (size before relaxing)
 .debug_str     0x00001ac6       0x85 ./Project_Settings/Startup_Code/__arm_start.o
                                0x1c4 (size before relaxing)
 .debug_str     0x00001b4b       0x41 ./Project_Settings/Startup_Code/__arm_end.o
                                 0xfb (size before relaxing)
 .debug_str     0x00001b8c       0x17 ./Sources/main.o
                                0x15c (size before relaxing)
 .debug_str     0x00001ba3       0x9d ./Sources/Shell.o
                                0x285 (size before relaxing)
 .debug_str     0x00001c40       0x3f ./Sources/MainDriver.o
                                0x155 (size before relaxing)
 .debug_str     0x00001c7f       0x8a ./Sources/Events.o
                                0x1cf (size before relaxing)
 .debug_str     0x00001d09      0x162 ./Sources/ESP8266Driver.o
                                0x380 (size before relaxing)
 .debug_str     0x00001e6b       0x54 C:/Freescale/CW MCU v10.7/MCU/ARM_GCC_Support/ewl/lib/armv6-m\libc.a(exit.o)
                                0x157 (size before relaxing)
 .debug_str     0x00001ebf       0x1c C:/Freescale/CW MCU v10.7/MCU/ARM_GCC_Support/ewl/lib/armv6-m\libc.a(strchr.o)
                                0x137 (size before relaxing)
 .debug_str     0x00001edb       0x1c C:/Freescale/CW MCU v10.7/MCU/ARM_GCC_Support/ewl/lib/armv6-m\libc.a(memset.o)
                                0x140 (size before relaxing)
 .debug_str     0x00001ef7       0x30 C:/Freescale/CW MCU v10.7/MCU/ARM_GCC_Support/ewl/lib/armv6-m\libc.a(strncmp.o)
                                0x152 (size before relaxing)
 .debug_str     0x00001f27       0x25 C:/Freescale/CW MCU v10.7/MCU/ARM_GCC_Support/ewl/lib/armv6-m\libc.a(__filll_mem.o)
                                0x152 (size before relaxing)
 .debug_str     0x00001f4c       0x1c C:/Freescale/CW MCU v10.7/MCU/ARM_GCC_Support/ewl/lib/armv6-m\libc.a(strcmp.o)
                                0x152 (size before relaxing)
 .debug_str     0x00001f68       0x15 C:/Freescale/CW MCU v10.7/MCU/ARM_GCC_Support/ewl/lib/armv6-m\libc.a(strlen.o)
                                0x140 (size before relaxing)
 .debug_str     0x00001f7d      0x218 C:/Freescale/CW MCU v10.7/MCU/ARM_GCC_Support/ewl/lib/armv6-m\libc.a(printformat_.o)
                                0x3b3 (size before relaxing)
 .debug_str     0x00002195      0x184 C:/Freescale/CW MCU v10.7/MCU/ARM_GCC_Support/ewl/lib/armv6-m\libc.a(scanformat_.o)
                                0x3f9 (size before relaxing)
 .debug_str     0x00002319       0x95 C:/Freescale/CW MCU v10.7/MCU/ARM_GCC_Support/ewl/lib/armv6-m\libc.a(ctype_aeabi.o)
                                0x1bc (size before relaxing)
 .debug_str     0x000023ae       0x55 C:/Freescale/CW MCU v10.7/MCU/ARM_GCC_Support/ewl/lib/armv6-m\libc.a(__strtoul.o)
                                0x1fb (size before relaxing)
 .debug_str     0x00002403       0x1c C:/Freescale/CW MCU v10.7/MCU/ARM_GCC_Support/ewl/lib/armv6-m\libc.a(memcpy.o)
                                0x138 (size before relaxing)
 .debug_str     0x0000241f       0x1c C:/Freescale/CW MCU v10.7/MCU/ARM_GCC_Support/ewl/lib/armv6-m\libc.a(memchr.o)
                                0x148 (size before relaxing)
 .debug_str     0x0000243b      0x126 C:/Freescale/CW MCU v10.7/MCU/ARM_GCC_Support/ewl/lib/armv6-m\librt.a(gcc_ctor_dtor.o)
                                0x181 (size before relaxing)
 .debug_str     0x00002561       0xee C:/Freescale/CW MCU v10.7/MCU/ARM_GCC_Support/ewl/lib/armv6-m\librt.a(__arm_eabi_init.o)
                                0x1b5 (size before relaxing)
 .debug_str     0x0000264f       0x9c C:/Freescale/CW MCU v10.7/MCU/ARM_GCC_Support/ewl/lib/armv6-m\librt.a(ROMCopy.o)
                                0x13c (size before relaxing)

.comment        0x00000000       0x79
 .comment       0x00000000       0x79 ./Generated_Code/XF1.o
                                 0x7a (size before relaxing)
 .comment       0x00000000       0x7a ./Generated_Code/WiFiSerial.o
 .comment       0x00000000       0x7a ./Generated_Code/WAIT1.o
 .comment       0x00000000       0x7a ./Generated_Code/Vectors.o
 .comment       0x00000000       0x7a ./Generated_Code/UTIL1.o
 .comment       0x00000000       0x7a ./Generated_Code/ShellSerial.o
 .comment       0x00000000       0x7a ./Generated_Code/PE_LDD.o
 .comment       0x00000000       0x7a ./Generated_Code/MCUC1.o
 .comment       0x00000000       0x7a ./Generated_Code/Cpu.o
 .comment       0x00000000       0x7a ./Generated_Code/CS1.o
 .comment       0x00000000       0x7a ./Generated_Code/CLS1.o
 .comment       0x00000000       0x7a ./Generated_Code/ASerialLdd2.o
 .comment       0x00000000       0x7a ./Generated_Code/ASerialLdd1.o
 .comment       0x00000000       0x7a ./Project_Settings/Startup_Code/__arm_start.o
 .comment       0x00000000       0x7a ./Project_Settings/Startup_Code/__arm_end.o
 .comment       0x00000000       0x7a ./Sources/main.o
 .comment       0x00000000       0x7a ./Sources/Shell.o
 .comment       0x00000000       0x7a ./Sources/MainDriver.o
 .comment       0x00000000       0x7a ./Sources/Events.o
 .comment       0x00000000       0x7a ./Sources/ESP8266Driver.o
 .comment       0x00000000       0x7a C:/Freescale/CW MCU v10.7/MCU/ARM_GCC_Support/ewl/lib/armv6-m\libc.a(exit.o)
 .comment       0x00000000       0x7a C:/Freescale/CW MCU v10.7/MCU/ARM_GCC_Support/ewl/lib/armv6-m\libc.a(strchr.o)
 .comment       0x00000000       0x7a C:/Freescale/CW MCU v10.7/MCU/ARM_GCC_Support/ewl/lib/armv6-m\libc.a(memset.o)
 .comment       0x00000000       0x7a C:/Freescale/CW MCU v10.7/MCU/ARM_GCC_Support/ewl/lib/armv6-m\libc.a(strncmp.o)
 .comment       0x00000000       0x7a C:/Freescale/CW MCU v10.7/MCU/ARM_GCC_Support/ewl/lib/armv6-m\libc.a(__filll_mem.o)
 .comment       0x00000000       0x7a C:/Freescale/CW MCU v10.7/MCU/ARM_GCC_Support/ewl/lib/armv6-m\libc.a(strcmp.o)
 .comment       0x00000000       0x7a C:/Freescale/CW MCU v10.7/MCU/ARM_GCC_Support/ewl/lib/armv6-m\libc.a(strlen.o)
 .comment       0x00000000       0x7a C:/Freescale/CW MCU v10.7/MCU/ARM_GCC_Support/ewl/lib/armv6-m\libc.a(printformat_.o)
 .comment       0x00000000       0x7a C:/Freescale/CW MCU v10.7/MCU/ARM_GCC_Support/ewl/lib/armv6-m\libc.a(scanformat_.o)
 .comment       0x00000000       0x7a C:/Freescale/CW MCU v10.7/MCU/ARM_GCC_Support/ewl/lib/armv6-m\libc.a(ctype_aeabi.o)
 .comment       0x00000000       0x7a C:/Freescale/CW MCU v10.7/MCU/ARM_GCC_Support/ewl/lib/armv6-m\libc.a(__strtoul.o)
 .comment       0x00000000       0x7a C:/Freescale/CW MCU v10.7/MCU/ARM_GCC_Support/ewl/lib/armv6-m\libc.a(memcpy.o)
 .comment       0x00000000       0x7a C:/Freescale/CW MCU v10.7/MCU/ARM_GCC_Support/ewl/lib/armv6-m\libc.a(memchr.o)
 .comment       0x00000000       0x7a C:/Freescale/CW MCU v10.7/MCU/ARM_GCC_Support/ewl/lib/armv6-m\librt.a(gcc_ctor_dtor.o)
 .comment       0x00000000       0x7a C:/Freescale/CW MCU v10.7/MCU/ARM_GCC_Support/ewl/lib/armv6-m\librt.a(__arm_eabi_init.o)
 .comment       0x00000000       0x7a C:/Freescale/CW MCU v10.7/MCU/ARM_GCC_Support/ewl/lib/armv6-m\librt.a(ROMCopy.o)

.debug_frame    0x00000000     0x1e20
 .debug_frame   0x00000000      0x1f0 ./Generated_Code/XF1.o
 .debug_frame   0x000001f0      0x1c4 ./Generated_Code/WiFiSerial.o
 .debug_frame   0x000003b4       0xc8 ./Generated_Code/WAIT1.o
 .debug_frame   0x0000047c      0x8cc ./Generated_Code/UTIL1.o
 .debug_frame   0x00000d48       0xe0 ./Generated_Code/ShellSerial.o
 .debug_frame   0x00000e28       0x6c ./Generated_Code/PE_LDD.o
 .debug_frame   0x00000e94       0x48 ./Generated_Code/MCUC1.o
 .debug_frame   0x00000edc       0x80 ./Generated_Code/Cpu.o
 .debug_frame   0x00000f5c       0x48 ./Generated_Code/CS1.o
 .debug_frame   0x00000fa4      0x458 ./Generated_Code/CLS1.o
 .debug_frame   0x000013fc       0xf8 ./Generated_Code/ASerialLdd2.o
 .debug_frame   0x000014f4      0x138 ./Generated_Code/ASerialLdd1.o
 .debug_frame   0x0000162c       0x4c ./Project_Settings/Startup_Code/__arm_start.o
 .debug_frame   0x00001678       0x30 ./Project_Settings/Startup_Code/__arm_end.o
 .debug_frame   0x000016a8       0x2c ./Sources/main.o
 .debug_frame   0x000016d4       0xac ./Sources/Shell.o
 .debug_frame   0x00001780       0x48 ./Sources/MainDriver.o
 .debug_frame   0x000017c8       0xb8 ./Sources/Events.o
 .debug_frame   0x00001880       0xac ./Sources/ESP8266Driver.o
 .debug_frame   0x0000192c       0x2c C:/Freescale/CW MCU v10.7/MCU/ARM_GCC_Support/ewl/lib/armv6-m\libc.a(exit.o)
 .debug_frame   0x00001958       0x28 C:/Freescale/CW MCU v10.7/MCU/ARM_GCC_Support/ewl/lib/armv6-m\libc.a(strchr.o)
 .debug_frame   0x00001980       0x28 C:/Freescale/CW MCU v10.7/MCU/ARM_GCC_Support/ewl/lib/armv6-m\libc.a(memset.o)
 .debug_frame   0x000019a8       0x2c C:/Freescale/CW MCU v10.7/MCU/ARM_GCC_Support/ewl/lib/armv6-m\libc.a(strncmp.o)
 .debug_frame   0x000019d4       0x2c C:/Freescale/CW MCU v10.7/MCU/ARM_GCC_Support/ewl/lib/armv6-m\libc.a(__filll_mem.o)
 .debug_frame   0x00001a00       0x28 C:/Freescale/CW MCU v10.7/MCU/ARM_GCC_Support/ewl/lib/armv6-m\libc.a(strcmp.o)
 .debug_frame   0x00001a28       0x28 C:/Freescale/CW MCU v10.7/MCU/ARM_GCC_Support/ewl/lib/armv6-m\libc.a(strlen.o)
 .debug_frame   0x00001a50       0x54 C:/Freescale/CW MCU v10.7/MCU/ARM_GCC_Support/ewl/lib/armv6-m\libc.a(printformat_.o)
 .debug_frame   0x00001aa4       0x34 C:/Freescale/CW MCU v10.7/MCU/ARM_GCC_Support/ewl/lib/armv6-m\libc.a(scanformat_.o)
 .debug_frame   0x00001ad8      0x158 C:/Freescale/CW MCU v10.7/MCU/ARM_GCC_Support/ewl/lib/armv6-m\libc.a(ctype_aeabi.o)
 .debug_frame   0x00001c30       0x30 C:/Freescale/CW MCU v10.7/MCU/ARM_GCC_Support/ewl/lib/armv6-m\libc.a(__strtoul.o)
 .debug_frame   0x00001c60       0x28 C:/Freescale/CW MCU v10.7/MCU/ARM_GCC_Support/ewl/lib/armv6-m\libc.a(memcpy.o)
 .debug_frame   0x00001c88       0x28 C:/Freescale/CW MCU v10.7/MCU/ARM_GCC_Support/ewl/lib/armv6-m\libc.a(memchr.o)
 .debug_frame   0x00001cb0       0x20 c:/freescale/cw mcu v10.7/cross_tools/arm-none-eabi-gcc-4_7_3/bin/../lib/gcc/arm-none-eabi/4.7.3/armv6-m\libgcc.a(_udivsi3.o)
 .debug_frame   0x00001cd0       0x40 C:/Freescale/CW MCU v10.7/MCU/ARM_GCC_Support/ewl/lib/armv6-m\librt.a(gcc_ctor_dtor.o)
 .debug_frame   0x00001d10       0xbc C:/Freescale/CW MCU v10.7/MCU/ARM_GCC_Support/ewl/lib/armv6-m\librt.a(__arm_eabi_init.o)
 .debug_frame   0x00001dcc       0x54 C:/Freescale/CW MCU v10.7/MCU/ARM_GCC_Support/ewl/lib/armv6-m\librt.a(ROMCopy.o)
